src/components/caisse/ApproForm.tsx(121,25): error TS7006: Parameter 'value' implicitly has an 'any' type.
src/components/caisse/ApproForm.tsx(124,22): error TS7006: Parameter 'value' implicitly has an 'any' type.
src/components/caisse/DecaissementForm.tsx(193,22): error TS7006: Parameter 'e' implicitly has an 'any' type.
src/components/caisse/DecaissementForm.tsx(199,24): error TS7006: Parameter 'value' implicitly has an 'any' type.
src/components/caisse/DecaissementForm.tsx(200,28): error TS7006: Parameter 'inputValue' implicitly has an 'any' type.
src/components/caisse/DecaissementForm.tsx(200,40): error TS7006: Parameter 'option' implicitly has an 'any' type.
src/components/caisse/DecaissementForm.tsx(226,27): error TS7006: Parameter '_' implicitly has an 'any' type.
src/components/caisse/DecaissementForm.tsx(226,30): error TS7006: Parameter 'value' implicitly has an 'any' type.
src/components/caisse/DecaissementForm.tsx(246,25): error TS7006: Parameter 'value' implicitly has an 'any' type.
src/components/caisse/DecaissementForm.tsx(249,22): error TS7006: Parameter 'value' implicitly has an 'any' type.
src/components/caisse/DecaissementForm.tsx(266,28): error TS7006: Parameter 'prevValues' implicitly has an 'any' type.
src/components/caisse/DecaissementForm.tsx(266,40): error TS7006: Parameter 'currentValues' implicitly has an 'any' type.
src/components/caisse/DecaissementForm.tsx(270,17): error TS7031: Binding element 'getFieldValue' implicitly has an 'any' type.
src/components/caisse/EntreeCaisseForm.tsx(222,24): error TS7006: Parameter 'value' implicitly has an 'any' type.
src/components/caisse/EntreeCaisseForm.tsx(241,22): error TS7006: Parameter 'e' implicitly has an 'any' type.
src/components/caisse/EntreeCaisseForm.tsx(247,24): error TS7006: Parameter 'value' implicitly has an 'any' type.
src/components/caisse/EntreeCaisseForm.tsx(248,28): error TS7006: Parameter 'inputValue' implicitly has an 'any' type.
src/components/caisse/EntreeCaisseForm.tsx(248,40): error TS7006: Parameter 'option' implicitly has an 'any' type.
src/components/caisse/EntreeCaisseForm.tsx(383,25): error TS7006: Parameter 'value' implicitly has an 'any' type.
src/components/caisse/EntreeCaisseForm.tsx(405,25): error TS7006: Parameter 'value' implicitly has an 'any' type.
src/components/caisse/MouvementsCaisseList.tsx(82,16): error TS7006: Parameter 'a' implicitly has an 'any' type.
src/components/caisse/MouvementsCaisseList.tsx(82,19): error TS7006: Parameter 'b' implicitly has an 'any' type.
src/components/caisse/MouvementsCaisseList.tsx(115,18): error TS7006: Parameter 'value' implicitly has an 'any' type.
src/components/caisse/MouvementsCaisseList.tsx(115,25): error TS7006: Parameter 'record' implicitly has an 'any' type.
src/components/caisse/MouvementsCaisseList.tsx(141,33): error TS7006: Parameter 'record' implicitly has an 'any' type.
src/components/caisse/MouvementsCaisseList.tsx(152,16): error TS7006: Parameter 'a' implicitly has an 'any' type.
src/components/caisse/MouvementsCaisseList.tsx(152,19): error TS7006: Parameter 'b' implicitly has an 'any' type.
src/components/caisse/MouvementsCaisseList.tsx(165,16): error TS7006: Parameter 'a' implicitly has an 'any' type.
src/components/caisse/MouvementsCaisseList.tsx(165,19): error TS7006: Parameter 'b' implicitly has an 'any' type.
src/components/caisse/MouvementsCaisseList.tsx(172,16): error TS7006: Parameter '_' implicitly has an 'any' type.
src/components/caisse/MouvementsCaisseList.tsx(172,19): error TS7006: Parameter 'record' implicitly has an 'any' type.
src/components/caisse/MouvementsCaisseList.tsx(231,24): error TS7006: Parameter 'dates' implicitly has an 'any' type.
src/components/caisse/MouvementsCaisseList.tsx(241,24): error TS7006: Parameter 'e' implicitly has an 'any' type.
src/components/caisse/MouvementsCaisseList.tsx(289,25): error TS7006: Parameter 'total' implicitly has an 'any' type.
src/components/caisse/RapportGrandesLignes.tsx(82,26): error TS7006: Parameter 'dates' implicitly has an 'any' type.
src/components/caisse/RapportGrandesLignes.tsx(146,30): error TS7006: Parameter 'record' implicitly has an 'any' type.
src/components/caisse/RapportGrandesLignes.tsx(157,33): error TS7006: Parameter 'record' implicitly has an 'any' type.
src/components/caisse/RapportGrandesLignes.tsx(177,24): error TS7006: Parameter 'dates' implicitly has an 'any' type.
src/components/caisse/RapportGrandesLignes.tsx(214,29): error TS7006: Parameter 'value' implicitly has an 'any' type.
src/components/caisse/RapportGrandesLignes.tsx(225,29): error TS7006: Parameter 'value' implicitly has an 'any' type.
src/components/caisse/RapportGrandesLignes.tsx(236,29): error TS7006: Parameter 'value' implicitly has an 'any' type.
src/components/caisse/RapportGrandesLignes.tsx(249,29): error TS7006: Parameter 'value' implicitly has an 'any' type.
src/components/caisse/RapportGrandesLignes.tsx(263,29): error TS7006: Parameter 'value' implicitly has an 'any' type.
src/components/clients/ClientList.tsx(116,16): error TS7006: Parameter '_' implicitly has an 'any' type.
src/components/clients/ClientList.tsx(116,19): error TS7006: Parameter 'record' implicitly has an 'any' type.
src/components/clients/ClientList.tsx(175,26): error TS7006: Parameter 'e' implicitly has an 'any' type.
src/components/clients/ClientList.tsx(176,30): error TS7006: Parameter 'e' implicitly has an 'any' type.
src/components/clients/ClientList.tsx(221,25): error TS7006: Parameter 'total' implicitly has an 'any' type.
src/components/colis/ColisDetails.tsx(5,30): error TS2307: Cannot find module '../../services/colisService' or its corresponding type declarations.
src/components/colis/ColisDetails.tsx(168,27): error TS7006: Parameter 'pageData' implicitly has an 'any' type.
src/components/common/GlobalSearch.tsx(99,28): error TS7006: Parameter 'e' implicitly has an 'any' type.
src/components/common/GlobalSearch.tsx(132,46): error TS7006: Parameter 'item' implicitly has an 'any' type.
src/components/common/GlobalSearch.tsx(145,46): error TS7006: Parameter 'item' implicitly has an 'any' type.
src/components/common/GlobalSearch.tsx(158,46): error TS7006: Parameter 'item' implicitly has an 'any' type.
src/components/common/OptimisticButton.tsx(11,41): error TS2709: Cannot use namespace 'ButtonProps' as a type.
src/components/common/OptimisticButton.tsx(19,3): error TS2339: Property 'children' does not exist on type 'OptimisticButtonProps'.
src/components/common/OptimisticButton.tsx(20,3): error TS2339: Property 'loading' does not exist on type 'OptimisticButtonProps'.
src/components/common/OptimisticButton.tsx(21,3): error TS2339: Property 'disabled' does not exist on type 'OptimisticButtonProps'.
src/components/common/OptimisticButton.tsx(22,3): error TS2339: Property 'icon' does not exist on type 'OptimisticButtonProps'.
src/components/common/OptimisticButton.tsx(34,88): error TS2339: Property 'className' does not exist on type '{}'.
src/components/common/VirtualTable.tsx(9,28): error TS2305: Module '"antd/es/table"' has no exported member 'TableProps'.
src/components/common/VirtualTable.tsx(36,43): error TS7006: Parameter 'col' implicitly has an 'any' type.
src/components/common/VirtualTable.tsx(49,44): error TS7006: Parameter 'sum' implicitly has an 'any' type.
src/components/common/VirtualTable.tsx(49,49): error TS7006: Parameter 'w' implicitly has an 'any' type.
src/components/common/VirtualTable.tsx(77,24): error TS7006: Parameter 'col' implicitly has an 'any' type.
src/components/common/VirtualTable.tsx(77,29): error TS7006: Parameter 'colIndex' implicitly has an 'any' type.
src/components/common/VirtualTable.tsx(124,22): error TS7006: Parameter 'col' implicitly has an 'any' type.
src/components/common/VirtualTable.tsx(124,27): error TS7006: Parameter 'colIndex' implicitly has an 'any' type.
src/components/dashboard/ChartColisParMoisModal.tsx(417,24): error TS7006: Parameter 'record' implicitly has an 'any' type.
src/components/dashboard/ChartColisParMoisModal.tsx(417,32): error TS7006: Parameter 'index' implicitly has an 'any' type.
src/components/dashboard/ChartColisParMoisModal.tsx(438,35): error TS7006: Parameter 'value' implicitly has an 'any' type.
src/components/dashboard/ChartColisParMoisModal.tsx(447,35): error TS7006: Parameter 'value' implicitly has an 'any' type.
src/components/dashboard/ChartRepartitionTraficModal.tsx(232,31): error TS7006: Parameter 'value' implicitly has an 'any' type.
src/components/dashboard/ChartRevenusModal.tsx(296,29): error TS7006: Parameter 'value' implicitly has an 'any' type.
src/components/dashboard/ChartRevenusModal.tsx(307,29): error TS7006: Parameter 'value' implicitly has an 'any' type.
src/components/dashboard/ChartRevenusModal.tsx(388,22): error TS7006: Parameter 'record' implicitly has an 'any' type.
src/components/dashboard/ChartRevenusModal.tsx(409,33): error TS7006: Parameter 'value' implicitly has an 'any' type.
src/components/dashboard/ChartRevenusModal.tsx(418,33): error TS7006: Parameter 'value' implicitly has an 'any' type.
src/components/dashboard/PointCaisseModal.tsx(200,29): error TS7006: Parameter 'value' implicitly has an 'any' type.
src/components/dashboard/PointCaisseModal.tsx(211,29): error TS7006: Parameter 'value' implicitly has an 'any' type.
src/components/dashboard/PointCaisseModal.tsx(222,29): error TS7006: Parameter 'value' implicitly has an 'any' type.
src/components/factures/FactureGenerator.tsx(5,33): error TS2307: Cannot find module '../../services/facturesService' or its corresponding type declarations.
src/components/factures/FactureGenerator.tsx(6,30): error TS2307: Cannot find module '../../services/colisService' or its corresponding type declarations.
src/components/factures/FactureGenerator.tsx(157,35): error TS7006: Parameter 'pageData' implicitly has an 'any' type.
src/components/factures/FactureList.tsx(155,16): error TS7006: Parameter '_' implicitly has an 'any' type.
src/components/factures/FactureList.tsx(155,19): error TS7006: Parameter 'record' implicitly has an 'any' type.
src/components/factures/FactureList.tsx(170,16): error TS7006: Parameter '_' implicitly has an 'any' type.
src/components/factures/FactureList.tsx(170,19): error TS7006: Parameter 'record' implicitly has an 'any' type.
src/components/factures/FactureList.tsx(252,26): error TS7006: Parameter 'e' implicitly has an 'any' type.
src/components/factures/FactureList.tsx(253,30): error TS7006: Parameter 'e' implicitly has an 'any' type.
src/components/factures/FactureList.tsx(277,26): error TS7006: Parameter 'dates' implicitly has an 'any' type.
src/components/factures/FactureList.tsx(309,25): error TS7006: Parameter 'total' implicitly has an 'any' type.
src/components/factures/FactureValidator.tsx(5,33): error TS2307: Cannot find module '../../services/facturesService' or its corresponding type declarations.
src/components/notifications/NotificationBell.tsx(81,25): error TS7006: Parameter 'e' implicitly has an 'any' type.
src/components/notifications/NotificationBell.tsx(95,25): error TS7006: Parameter 'e' implicitly has an 'any' type.
src/components/notifications/NotificationBell.tsx(116,26): error TS7006: Parameter 'item' implicitly has an 'any' type.
src/components/notifications/NotificationBell.tsx(135,35): error TS7006: Parameter 'e' implicitly has an 'any' type.
src/components/paiements/PaiementForm.tsx(215,32): error TS7006: Parameter 'value' implicitly has an 'any' type.
src/components/paiements/PaiementForm.tsx(221,33): error TS7006: Parameter 'value' implicitly has an 'any' type.
src/components/paiements/PaiementHistory.tsx(5,34): error TS2307: Cannot find module '../../services/paiementsService' or its corresponding type declarations.
src/components/paiements/PaiementHistory.tsx(50,22): error TS7006: Parameter 'a' implicitly has an 'any' type.
src/components/paiements/PaiementHistory.tsx(50,25): error TS7006: Parameter 'b' implicitly has an 'any' type.
src/components/paiements/PaiementHistory.tsx(59,22): error TS7006: Parameter 'a' implicitly has an 'any' type.
src/components/paiements/PaiementHistory.tsx(59,25): error TS7006: Parameter 'b' implicitly has an 'any' type.
src/components/paiements/PaiementHistory.tsx(145,33): error TS7006: Parameter 'total' implicitly has an 'any' type.
src/components/paiements/PaiementList.tsx(105,16): error TS7006: Parameter '_' implicitly has an 'any' type.
src/components/paiements/PaiementList.tsx(105,19): error TS7006: Parameter 'record' implicitly has an 'any' type.
src/components/paiements/PaiementList.tsx(139,26): error TS7006: Parameter 'e' implicitly has an 'any' type.
src/components/paiements/PaiementList.tsx(140,30): error TS7006: Parameter 'e' implicitly has an 'any' type.
src/components/paiements/PaiementList.tsx(150,26): error TS7006: Parameter 'dates' implicitly has an 'any' type.
src/components/paiements/PaiementList.tsx(182,25): error TS7006: Parameter 'total' implicitly has an 'any' type.
src/components/statistiques/AnalyseTendancesMensuelles.tsx(132,24): error TS7006: Parameter 'record' implicitly has an 'any' type.
src/components/statistiques/ComparaisonMoisModal.tsx(198,29): error TS7006: Parameter 'value' implicitly has an 'any' type.
src/components/statistiques/ComparaisonMoisModal.tsx(216,29): error TS7006: Parameter 'value' implicitly has an 'any' type.
src/components/statistiques/ComparaisonMoisModal.tsx(234,29): error TS7006: Parameter 'value' implicitly has an 'any' type.
src/components/statistiques/ComparaisonMoisModal.tsx(256,28): error TS7006: Parameter 'record' implicitly has an 'any' type.
src/components/statistiques/RecommandationsHistoriques.tsx(124,24): error TS7006: Parameter 'item' implicitly has an 'any' type.
src/contexts/NotificationsContext.tsx(75,21): error TS2709: Cannot use namespace 'NotificationArgsProps' as a type.
src/pages/admin/users/UsersListPage.tsx(49,5): error TS2769: No overload matches this call.
  Overload 1 of 3, '(options: DefinedInitialDataOptions<unknown, Error, unknown, string[]>, queryClient?: QueryClient | undefined): DefinedUseQueryResult<unknown, Error>', gave the following error.
    Object literal may only specify known properties, and 'onError' does not exist in type 'DefinedInitialDataOptions<unknown, Error, unknown, string[]>'.
  Overload 2 of 3, '(options: UndefinedInitialDataOptions<User[], Error, User[], string[]>, queryClient?: QueryClient | undefined): UseQueryResult<...>', gave the following error.
    Object literal may only specify known properties, and 'onError' does not exist in type 'UndefinedInitialDataOptions<User[], Error, User[], string[]>'.
  Overload 3 of 3, '(options: UseQueryOptions<User[], Error, User[], string[]>, queryClient?: QueryClient | undefined): UseQueryResult<User[], Error>', gave the following error.
    Object literal may only specify known properties, and 'onError' does not exist in type 'UseQueryOptions<User[], Error, User[], string[]>'.
src/pages/admin/users/UsersListPage.tsx(78,16): error TS7006: Parameter '_' implicitly has an 'any' type.
src/pages/admin/users/UsersListPage.tsx(78,19): error TS7006: Parameter 'record' implicitly has an 'any' type.
src/pages/admin/users/UsersListPage.tsx(107,16): error TS7006: Parameter '_' implicitly has an 'any' type.
src/pages/admin/users/UsersListPage.tsx(107,19): error TS7006: Parameter 'record' implicitly has an 'any' type.
src/pages/admin/users/UsersListPage.tsx(158,26): error TS7006: Parameter 'e' implicitly has an 'any' type.
src/pages/admin/users/UsersListPage.tsx(197,23): error TS18046: 'users' is of type 'unknown'.
src/pages/admin/users/UsersListPage.tsx(197,37): error TS7006: Parameter 'user' implicitly has an 'any' type.
src/pages/admin/users/UsersListPage.tsx(212,25): error TS7006: Parameter 'total' implicitly has an 'any' type.
src/pages/admin/users/UsersListPage.tsx(281,22): error TS7006: Parameter 'e' implicitly has an 'any' type.
src/pages/admin/users/UsersListPage.tsx(289,22): error TS7006: Parameter 'e' implicitly has an 'any' type.
src/pages/admin/users/UsersListPage.tsx(298,22): error TS7006: Parameter 'e' implicitly has an 'any' type.
src/pages/admin/users/UsersListPage.tsx(304,22): error TS7006: Parameter 'e' implicitly has an 'any' type.
src/pages/admin/users/UsersListPage.tsx(310,22): error TS7006: Parameter 'value' implicitly has an 'any' type.
src/pages/admin/users/UsersListPage.tsx(324,24): error TS7006: Parameter 'checked' implicitly has an 'any' type.
src/pages/public/TrackPage.tsx(64,26): error TS7006: Parameter 'e' implicitly has an 'any' type.
src/services/clients.service.ts(28,5): error TS2740: Type 'ClientColis' is missing the following properties from type 'ClientColis[]': length, pop, push, concat, and 28 more.
src/services/paginationService.ts(1,27): error TS2307: Cannot find module './apiClient' or its corresponding type declarations.
src/services/paginationService.ts(144,9): error TS2769: No overload matches this call.
  Overload 1 of 3, '(options: DefinedInitialDataOptions<unknown, Error, unknown, (string | PaginationParams)[]>, queryClient?: QueryClient | undefined): DefinedUseQueryResult<...>', gave the following error.
    Object literal may only specify known properties, and 'keepPreviousData' does not exist in type 'DefinedInitialDataOptions<unknown, Error, unknown, (string | PaginationParams)[]>'.
  Overload 2 of 3, '(options: UndefinedInitialDataOptions<PaginatedResponse<T>, Error, PaginatedResponse<T>, (string | PaginationParams)[]>, queryClient?: QueryClient | undefined): UseQueryResult<...>', gave the following error.
    Object literal may only specify known properties, and 'keepPreviousData' does not exist in type 'UndefinedInitialDataOptions<PaginatedResponse<T>, Error, PaginatedResponse<T>, (string | PaginationParams)[]>'.
  Overload 3 of 3, '(options: UseQueryOptions<PaginatedResponse<T>, Error, PaginatedResponse<T>, (string | PaginationParams)[]>, queryClient?: QueryClient | undefined): UseQueryResult<...>', gave the following error.
    Object literal may only specify known properties, and 'keepPreviousData' does not exist in type 'UseQueryOptions<PaginatedResponse<T>, Error, PaginatedResponse<T>, (string | PaginationParams)[]>'.
src/services/searchService.ts(5,27): error TS2307: Cannot find module './apiClient' or its corresponding type declarations.
src/services/users.service.ts(9,5): error TS2322: Type '{ id: any; code_user: string; username: any; full_name: any; email: null; phone: null; role: { id: number; code: any; name: string; }; agency_id: any; filter_mode: "individual" | "agency" | "all"; can_delete: boolean; can_modify: boolean; status: "active" | "inactive"; created_at: string; }[]' is not assignable to type 'User[]'.
  Type '{ id: any; code_user: string; username: any; full_name: any; email: null; phone: null; role: { id: number; code: any; name: string; }; agency_id: any; filter_mode: "individual" | "agency" | "all"; can_delete: boolean; can_modify: boolean; status: "active" | "inactive"; created_at: string; }' is not assignable to type 'User'.
    Types of property 'email' are incompatible.
      Type 'null' is not assignable to type 'string | undefined'.
